= = = = = = = = = = = = = = = =
The ``7-base_geometry`` module
= = = = = = = = = = = = = = = =
Using BaseGeometry
- - - - - - - - - - - - - - - -

Importing BaseGeometry

>>> BaseGeometry = __import__("7-base_geometry").BaseGeometry

NOw let's start tesing 

>>> basegeometry = BaseGeometry()

>>> basegeometry.area()
Traceback (most recent call last):
...
Exception: area() is not implemented
>>> basegeometry.integer_validator("my_int", 12)

>>> basegeometry.integer_validator("name", "john")
Traceback (most recent call last):
...
TypeError: name must be an integer

>>> basegeometry.integer_validator("distance", -4)
Traceback (most recent call last):
...
ValueError: distance must be greater than 0
>>> basegeometry.integer_validator("age", 0)
Traceback (most recent call last):
...
ValueError: age must be greater than 0

>>> basegeometry.integer_validator("age")
Traceback (most recent call last):
...
TypeError: integer_validator() missing 1 required positional argument: 'value'
